  MATRIX.EXE.cpp
C:\Users\lcm\source\repos\MATRIX.EXE\MATRIX.EXE.cpp(950,14): warning C4305: “初始化”: 从“double”到“FLOAT”截断
C:\Users\lcm\source\repos\MATRIX.EXE\MATRIX.EXE.cpp(952,11): warning C4244: “初始化”: 从“double”转换到“FLOAT”，可能丢失数据
C:\Users\lcm\source\repos\MATRIX.EXE\MATRIX.EXE.cpp(953,49): warning C4244: “参数”: 从“FLOAT”转换到“int”，可能丢失数据
C:\Users\lcm\source\repos\MATRIX.EXE\MATRIX.EXE.cpp(954,12): warning C4305: “+=”: 从“double”到“FLOAT”截断
C:\Users\lcm\source\repos\MATRIX.EXE\MATRIX.EXE.cpp(1157,36): warning C4244: “=”: 从“double”转换到“LONG”，可能丢失数据
C:\Users\lcm\source\repos\MATRIX.EXE\MATRIX.EXE.cpp(1157,74): warning C4244: “=”: 从“double”转换到“LONG”，可能丢失数据
C:\Users\lcm\source\repos\MATRIX.EXE\MATRIX.EXE.cpp(1158,37): warning C4244: “=”: 从“double”转换到“LONG”，可能丢失数据
C:\Users\lcm\source\repos\MATRIX.EXE\MATRIX.EXE.cpp(1158,76): warning C4244: “=”: 从“double”转换到“LONG”，可能丢失数据
C:\Users\lcm\source\repos\MATRIX.EXE\MATRIX.EXE.cpp(1361,9): warning C4244: “初始化”: 从“double”转换到“int”，可能丢失数据
C:\Users\lcm\source\repos\MATRIX.EXE\MATRIX.EXE.cpp(1366,58): warning C4244: “参数”: 从“FLOAT”转换到“int”，可能丢失数据
C:\Users\lcm\source\repos\MATRIX.EXE\MATRIX.EXE.cpp(1366,32): warning C4244: “参数”: 从“FLOAT”转换到“int”，可能丢失数据
C:\Users\lcm\source\repos\MATRIX.EXE\MATRIX.EXE.cpp(1367,50): warning C4244: “参数”: 从“FLOAT”转换到“int”，可能丢失数据
C:\Users\lcm\source\repos\MATRIX.EXE\MATRIX.EXE.cpp(1367,39): warning C4244: “参数”: 从“FLOAT”转换到“int”，可能丢失数据
C:\Users\lcm\source\repos\MATRIX.EXE\MATRIX.EXE.cpp(1368,34): warning C4244: “参数”: 从“FLOAT”转换到“int”，可能丢失数据
C:\Users\lcm\source\repos\MATRIX.EXE\MATRIX.EXE.cpp(1368,23): warning C4244: “参数”: 从“FLOAT”转换到“int”，可能丢失数据
C:\Users\lcm\source\repos\MATRIX.EXE\MATRIX.EXE.cpp(1888,14): warning C4267: “初始化”: 从“size_t”转换到“int”，可能丢失数据
C:\Users\lcm\source\repos\MATRIX.EXE\MATRIX.EXE.cpp(2164,36): warning C4244: “=”: 从“double”转换到“LONG”，可能丢失数据
C:\Users\lcm\source\repos\MATRIX.EXE\MATRIX.EXE.cpp(2164,74): warning C4244: “=”: 从“double”转换到“LONG”，可能丢失数据
C:\Users\lcm\source\repos\MATRIX.EXE\MATRIX.EXE.cpp(2165,37): warning C4244: “=”: 从“double”转换到“LONG”，可能丢失数据
C:\Users\lcm\source\repos\MATRIX.EXE\MATRIX.EXE.cpp(2165,76): warning C4244: “=”: 从“double”转换到“LONG”，可能丢失数据
resource.rc(4): warning RC4005: 'IDI_MAIN_ICON' : redefinition
  
LINK : fatal error LNK1104: 无法打开文件“C:\Users\lcm\source\repos\MATRIX.EXE\x64\Release\MATRIX.EXE.exe”
